; test.map  50x30 tiles (1600x960 px) — larger than the 1280x720 viewport
; so the follow camera has room to scroll in both axes.
;
; Layout:
;   Top open area  (rows 0-9):   player spawns here, free roaming
;   Middle section (rows 10-21): vertical wall at col 24 divides left/right halves
;   Bottom open area (rows 22-29): reconnects both halves
;
; Legend:  # Wall  . Floor  A PlayerSpawn  C Coin  E Enemy
##################################################
#................................................#
#................................................#
#..A.....................................................#
#................................................
#................................................#
#................................................#
#................................................#
#................................................#
#................................................#
#.......................#........................#
#.......................#........................#
#.......................#........................#
#.......................#........................#
#.......................#........................#
#.......................#...........C............#
#.......................#........................#
#.......................#........................#
#.......................#........................#
#.......................#........................#
#.......................#........................#
#.......................#......................E.#
#................................................#
#................................................#
#................................................#
#................................................#
#................................................#
#................................................#
#................................................#
##################################################